2026-09-15 23:23:38,614 INFO: 
                ____                _       _____  ____
               / __ ) ____ _ _____ (_)_____/ ___/ / __ \
              / __  |/ __ `// ___// // ___/\__ \ / /_/ /
             / /_/ // /_/ /(__  )/ // /__ ___/ // _, _/
            /_____/ \__,_//____//_/ \___//____//_/ |_|
     ______                   __   __                 __      __
    / ____/____   ____   ____/ /  / /   __  __ _____ / /__   / /
   / / __ / __ \ / __ \ / __  /  / /   / / / // ___// //_/  / /
  / /_/ // /_/ // /_/ // /_/ /  / /___/ /_/ // /__ / /<    /_/
  \____/ \____/ \____/ \____/  /_____/\____/ \___//_/|_|  (_)
    
Version Information: 
	BasicSR: 1.3.4.4
	PyTorch: 1.11.0
	TorchVision: 0.12.0
2026-09-15 23:23:38,614 INFO: 
  name: infer_lolv1
  model_type: PGCModel
  num_gpu: 2
  manual_seed: 0
  datasets:[
    train:[
      name: train
      type: LOL_Dataset
      gt_root: ../dataset/LOLv1/our485/high
      input_root: ../dataset/LOLv1/our485/low
      input_mode: None
      concat_with_hiseq: True
      concat_with_coord: True
      concat_with_prior: False
      hiseq_random_cat: False
      mean: [0.5, 0.5, 0.5]
      std: [0.5, 0.5, 0.5]
      use_flip: True
      bright_aug: True
      bright_aug_range: [0.5, 1.5]
      use_shuffle: True
      num_worker_per_gpu: 8
      batch_size_per_gpu: 16
      dataset_enlarge_ratio: 1
      prefetch_mode: None
      phase: train
    ]
    val:[
      name: validation
      type: LOL_Dataset
      gt_root: ../../autodl-tmp/dataset/LOLv1/eval15/high
      input_root: ../../autodl-tmp/dataset/LOLv1/eval15/low
      concat_with_hiseq: True
      concat_with_coord: True
      concat_with_prior: False
      input_mode: pad
      divide: 32
      mean: [0.5, 0.5, 0.5]
      std: [0.5, 0.5, 0.5]
      phase: val
    ]
  ]
  network_unet:[
    type: PGCSR3UNet
    in_channel: 14
    out_channel: 3
    inner_channel: 64
    norm_groups: 32
    channel_mults: [1, 2, 4, 8]
    attn_res: [16]
    res_blocks: 2
    dropout: 0.2
    divide: 16
  ]
  network_pencoder:[
    type: PEncoder
    in_channel: 4
    inner_channel: 64
    norm_groups: 32
    channel_mults: [1, 2, 4, 8]
    res_blocks: 2
    dropout: 0.2
    divide: 16
  ]
  network_colorp:[
    type: simpleUNet
    in_channel: 3
    out_channel: 2
  ]
  network_ddpm:[
    type: PGCGaussianDiffusion
    image_size: 128
    channels: 3
    conditional: True
    color_limit: -1
    progressive_list: [192, 160, 128, 96, 64]
    stride_list: [80, 64, 48, 32, 16]
  ]
  ddpm_schedule:[
    schedule: linear
    n_timestep: 2000
    linear_start: 1e-06
    linear_end: 0.01
  ]
  path:[
    pretrain_network_g: ../ckpt/lolv1_pgc.pth
    param_key_g: params
    strict_load_g: False
    pretrain_network_d: None
    resume_state: None
    ignore_resume_networks: ['network_identity']
    experiments_root: /home/ruoyu/research/ppatch/P-PatchDiff/experiments/infer_lolv1
    models: /home/ruoyu/research/ppatch/P-PatchDiff/experiments/infer_lolv1/models
    training_states: /home/ruoyu/research/ppatch/P-PatchDiff/experiments/infer_lolv1/training_states
    log: /home/ruoyu/research/ppatch/P-PatchDiff/experiments/infer_lolv1
    visualization: /home/ruoyu/research/ppatch/P-PatchDiff/experiments/infer_lolv1/visualization
  ]
  train:[
    cs_on_shift: True
    vis_train: True
    vis_num: 150
    train_type: ddpm_patch
    t_border: 1000
    input_mode: crop
    optim_g:[
      type: Adam
      lr: 0.0001
    ]
    optim_d:[
      type: Adam
      lr: 0.002
    ]
    optim_component:[
      type: Adam
      lr: 0.002
    ]
    scheduler:[
      type: MultiStepLR
      milestones: [50000, 75000, 100000, 150000, 200000]
      gamma: 0.5
    ]
    total_iter: 500000
    warmup_iter: -1
  ]
  val:[
    cal_score: True
    split_log: True
    fix_seed: True
    color_gamma: 1.0
    use_up_v2: True
    progressive_list: [192, 160, 128, 96, 64]
    stride_list: [80, 64, 48, 32, 16]
    ddim_eta: 1.0
    ddim_timesteps: 5
    only_save_sr: True
    use_kind_align: True
    cal_all: True
    show_all: True
    val_freq: 5000.0
    save_img: True
    metrics:[
      psnr:[
        type: calculate_psnr
        crop_border: 0
        test_y_channel: False
      ]
      ssim:[
        type: calculate_ssim
        crop_border: 0
        test_y_channel: False
      ]
      lpips:[
        type: calculate_lpips_lol
      ]
    ]
  ]
  logger:[
    print_freq: 100
    save_checkpoint_freq: 5000.0
    use_tb_logger: True
    wandb:[
      project: None
      resume_id: None
    ]
  ]
  dist_params:[
    backend: nccl
    port: 29500
  ]
  find_unused_parameters: False
  dist: False
  rank: 0
  world_size: 1
  auto_resume: False
  is_train: True
  root_path: /home/ruoyu/research/ppatch/P-PatchDiff/PPatchDiff

2026-09-15 23:23:39,434 INFO: Dataset [LOL_Dataset] - train is built.
