2026-09-16 00:08:04,731 INFO: 
                ____                _       _____  ____
               / __ ) ____ _ _____ (_)_____/ ___/ / __ \
              / __  |/ __ `// ___// // ___/\__ \ / /_/ /
             / /_/ // /_/ /(__  )/ // /__ ___/ // _, _/
            /_____/ \__,_//____//_/ \___//____//_/ |_|
     ______                   __   __                 __      __
    / ____/____   ____   ____/ /  / /   __  __ _____ / /__   / /
   / / __ / __ \ / __ \ / __  /  / /   / / / // ___// //_/  / /
  / /_/ // /_/ // /_/ // /_/ /  / /___/ /_/ // /__ / /<    /_/
  \____/ \____/ \____/ \____/  /_____/\____/ \___//_/|_|  (_)
    
Version Information: 
	BasicSR: 1.3.4.4
	PyTorch: 1.11.0
	TorchVision: 0.12.0
2026-09-16 00:08:04,732 INFO: 
  name: infer_lolv1
  model_type: PGCModel
  num_gpu: 2
  manual_seed: 0
  datasets:[
    train:[
      name: train
      type: LOL_Dataset
      gt_root: ../../../PyDIff/dataset/LOLdataset/eval15/high/
      input_root: ../../../PyDIff/dataset/LOLdataset/eval15/low/
      input_mode: None
      concat_with_hiseq: True
      concat_with_coord: True
      concat_with_prior: False
      hiseq_random_cat: False
      mean: [0.5, 0.5, 0.5]
      std: [0.5, 0.5, 0.5]
      use_flip: True
      bright_aug: True
      bright_aug_range: [0.5, 1.5]
      use_shuffle: True
      num_worker_per_gpu: 8
      batch_size_per_gpu: 16
      dataset_enlarge_ratio: 1
      prefetch_mode: None
      phase: train
    ]
    val:[
      name: validation
      type: LOL_Dataset
      gt_root: ../../../PyDIff/dataset/LOLv2/LOLv2test/high/
      input_root: ../../../PyDIff/dataset/LOLv2/LOLv2test/low/
      concat_with_hiseq: True
      concat_with_coord: True
      concat_with_prior: False
      input_mode: pad
      divide: 32
      mean: [0.5, 0.5, 0.5]
      std: [0.5, 0.5, 0.5]
      phase: val
    ]
  ]
  network_unet:[
    type: PGCSR3UNet
    in_channel: 14
    out_channel: 3
    inner_channel: 64
    norm_groups: 32
    channel_mults: [1, 2, 4, 8]
    attn_res: [16]
    res_blocks: 2
    dropout: 0.2
    divide: 16
  ]
  network_pencoder:[
    type: PEncoder
    in_channel: 4
    inner_channel: 64
    norm_groups: 32
    channel_mults: [1, 2, 4, 8]
    res_blocks: 2
    dropout: 0.2
    divide: 16
  ]
  network_colorp:[
    type: simpleUNet
    in_channel: 3
    out_channel: 2
  ]
  network_ddpm:[
    type: PGCGaussianDiffusion
    image_size: 128
    channels: 3
    conditional: True
    color_limit: -1
    progressive_list: [192, 160, 128, 96, 64]
    stride_list: [80, 64, 48, 32, 16]
  ]
  ddpm_schedule:[
    schedule: linear
    n_timestep: 2000
    linear_start: 1e-06
    linear_end: 0.01
  ]
  path:[
    pretrain_network_g: ../../weights/Ours/lolv1_pgc.pth
    param_key_g: params
    strict_load_g: False
    pretrain_network_d: None
    resume_state: None
    ignore_resume_networks: ['network_identity']
    experiments_root: /home/ruoyu/research/ppatch/P-PatchDiff/experiments/infer_lolv1
    models: /home/ruoyu/research/ppatch/P-PatchDiff/experiments/infer_lolv1/models
    training_states: /home/ruoyu/research/ppatch/P-PatchDiff/experiments/infer_lolv1/training_states
    log: /home/ruoyu/research/ppatch/P-PatchDiff/experiments/infer_lolv1
    visualization: /home/ruoyu/research/ppatch/P-PatchDiff/experiments/infer_lolv1/visualization
  ]
  train:[
    cs_on_shift: True
    vis_train: True
    vis_num: 150
    train_type: ddpm_patch
    t_border: 1000
    input_mode: crop
    optim_g:[
      type: Adam
      lr: 0.0001
    ]
    optim_d:[
      type: Adam
      lr: 0.002
    ]
    optim_component:[
      type: Adam
      lr: 0.002
    ]
    scheduler:[
      type: MultiStepLR
      milestones: [50000, 75000, 100000, 150000, 200000]
      gamma: 0.5
    ]
    total_iter: 500000
    warmup_iter: -1
  ]
  val:[
    cal_score: True
    split_log: True
    fix_seed: True
    color_gamma: 1.0
    use_up_v2: True
    progressive_list: [192, 160, 128, 96, 64]
    stride_list: [80, 64, 48, 32, 16]
    ddim_eta: 1.0
    ddim_timesteps: 5
    only_save_sr: True
    use_kind_align: True
    cal_all: True
    show_all: True
    val_freq: 5000.0
    save_img: False
    metrics:[
      psnr:[
        type: calculate_psnr
        crop_border: 0
        test_y_channel: False
      ]
      ssim:[
        type: calculate_ssim
        crop_border: 0
        test_y_channel: False
      ]
      lpips:[
        type: calculate_lpips_lol
      ]
    ]
  ]
  logger:[
    print_freq: 100
    save_checkpoint_freq: 5000.0
    use_tb_logger: True
    wandb:[
      project: None
      resume_id: None
    ]
  ]
  dist_params:[
    backend: nccl
    port: 29500
  ]
  find_unused_parameters: False
  dist: False
  rank: 0
  world_size: 1
  auto_resume: False
  is_train: True
  root_path: /home/ruoyu/research/ppatch/P-PatchDiff/PPatchDiff

2026-09-16 00:08:05,550 INFO: Dataset [LOL_Dataset] - train is built.
2026-09-16 00:08:05,550 INFO: Training statistics:
	Number of train images: 15
	Dataset enlarge ratio: 1
	Batch size per gpu: 16
	World size (gpu number): 1
	Require iter number per epoch: 1
	Total epochs: 500000; iters: 500000.
2026-09-16 00:08:05,550 INFO: Dataset [LOL_Dataset] - validation is built.
2026-09-16 00:08:05,550 INFO: Number of val images/folders in validation: 100
2026-09-16 00:08:05,745 INFO: Network [PGCSR3UNet] is created.
2026-09-16 00:08:07,331 INFO: Network [PEncoder] is created.
2026-09-16 00:08:07,351 INFO: Network [simpleUNet] is created.
2026-09-16 00:08:07,373 INFO: Network [PGCGaussianDiffusion] is created.
2026-09-16 00:08:07,379 INFO: Network: DataParallel - PGCGaussianDiffusion, with parameters: 80,652,197
2026-09-16 00:08:07,379 INFO: PGCGaussianDiffusion(
  (denoise_fn): DataParallel(
    (module): PGCSR3UNet(
      (noise_level_mlp): Sequential(
        (0): PositionalEncoding()
        (1): Linear(in_features=64, out_features=256, bias=True)
        (2): Swish()
        (3): Linear(in_features=256, out_features=64, bias=True)
      )
      (downs): ModuleList(
        (0): Conv2d(14, 64, kernel_size=(3, 3), stride=(1, 1), padding=(1, 1))
        (1): ResnetBlocWithAttn(
          (res_block): ResnetBlock(
            (noise_func): FeatureWiseAffine(
              (noise_func): Sequential(
                (0): Linear(in_features=64, out_features=64, bias=True)
              )
            )
            (block1): Block(
              (block): Sequential(
                (0): GroupNorm(32, 64, eps=1e-05, affine=True)
                (1): Swish()
                (2): Identity()
                (3): Conv2d(64, 64, kernel_size=(3, 3), stride=(1, 1), padding=(1, 1))
              )
            )
            (block2): Block(
              (block): Sequential(
                (0): GroupNorm(32, 64, eps=1e-05, affine=True)
                (1): Swish()
                (2): Dropout(p=0.2, inplace=False)
                (3): Conv2d(64, 64, kernel_size=(3, 3), stride=(1, 1), padding=(1, 1))
              )
            )
            (res_conv): Identity()
          )
          (pa): PALayer(
            (param_free_norm): GroupNorm(32, 64, eps=1e-05, affine=False)
            (conv_gamma_en): Conv2d(64, 32, kernel_size=(1, 1), stride=(1, 1))
            (conv_gamma_mid): Conv2d(32, 32, kernel_size=(3, 3), stride=(1, 1), padding=(1, 1))
            (conv_gamma_de): Conv2d(32, 64, kernel_size=(1, 1), stride=(1, 1))
            (conv_beta_en): Conv2d(64, 32, kernel_size=(1, 1), stride=(1, 1))
            (conv_beta_mid): Conv2d(32, 32, kernel_size=(3, 3), stride=(1, 1), padding=(1, 1))
            (conv_beta_de): Conv2d(32, 64, kernel_size=(1, 1), stride=(1, 1))
          )
        )
        (2): ResnetBlocWithAttn(
          (res_block): ResnetBlock(
            (noise_func): FeatureWiseAffine(
              (noise_func): Sequential(
                (0): Linear(in_features=64, out_features=64, bias=True)
              )
            )
            (block1): Block(
              (block): Sequential(
                (0): GroupNorm(32, 64, eps=1e-05, affine=True)
                (1): Swish()
                (2): Identity()
                (3): Conv2d(64, 64, kernel_size=(3, 3), stride=(1, 1), padding=(1, 1))
              )
            )
            (block2): Block(
              (block): Sequential(
                (0): GroupNorm(32, 64, eps=1e-05, affine=True)
                (1): Swish()
                (2): Dropout(p=0.2, inplace=False)
                (3): Conv2d(64, 64, kernel_size=(3, 3), stride=(1, 1), padding=(1, 1))
              )
            )
            (res_conv): Identity()
          )
          (pa): PALayer(
            (param_free_norm): GroupNorm(32, 64, eps=1e-05, affine=False)
            (conv_gamma_en): Conv2d(64, 32, kernel_size=(1, 1), stride=(1, 1))
            (conv_gamma_mid): Conv2d(32, 32, kernel_size=(3, 3), stride=(1, 1), padding=(1, 1))
            (conv_gamma_de): Conv2d(32, 64, kernel_size=(1, 1), stride=(1, 1))
            (conv_beta_en): Conv2d(64, 32, kernel_size=(1, 1), stride=(1, 1))
            (conv_beta_mid): Conv2d(32, 32, kernel_size=(3, 3), stride=(1, 1), padding=(1, 1))
            (conv_beta_de): Conv2d(32, 64, kernel_size=(1, 1), stride=(1, 1))
          )
        )
        (3): Downsample(
          (conv): Conv2d(64, 64, kernel_size=(3, 3), stride=(2, 2), padding=(1, 1))
        )
        (4): ResnetBlocWithAttn(
          (res_block): ResnetBlock(
            (noise_func): FeatureWiseAffine(
              (noise_func): Sequential(
                (0): Linear(in_features=64, out_features=128, bias=True)
              )
            )
            (block1): Block(
              (block): Sequential(
                (0): GroupNorm(32, 64, eps=1e-05, affine=True)
                (1): Swish()
                (2): Identity()
                (3): Conv2d(64, 128, kernel_size=(3, 3), stride=(1, 1), padding=(1, 1))
              )
            )
            (block2): Block(
              (block): Sequential(
                (0): GroupNorm(32, 128, eps=1e-05, affine=True)
                (1): Swish()
                (2): Dropout(p=0.2, inplace=False)
                (3): Conv2d(128, 128, kernel_size=(3, 3), stride=(1, 1), padding=(1, 1))
              )
            )
            (res_conv): Conv2d(64, 128, kernel_size=(1, 1), stride=(1, 1))
          )
          (pa): PALayer(
            (param_free_norm): GroupNorm(32, 64, eps=1e-05, affine=False)
            (conv_gamma_en): Conv2d(128, 32, kernel_size=(1, 1), stride=(1, 1))
            (conv_gamma_mid): Conv2d(32, 32, kernel_size=(3, 3), stride=(1, 1), padding=(1, 1))
            (conv_gamma_de): Conv2d(32, 64, kernel_size=(1, 1), stride=(1, 1))
            (conv_beta_en): Conv2d(128, 32, kernel_size=(1, 1), stride=(1, 1))
            (conv_beta_mid): Conv2d(32, 32, kernel_size=(3, 3), stride=(1, 1), padding=(1, 1))
            (conv_beta_de): Conv2d(32, 64, kernel_size=(1, 1), stride=(1, 1))
          )
        )
        (5): ResnetBlocWithAttn(
          (res_block): ResnetBlock(
            (noise_func): FeatureWiseAffine(
              (noise_func): Sequential(
                (0): Linear(in_features=64, out_features=128, bias=True)
              )
            )
            (block1): Block(
              (block): Sequential(
                (0): GroupNorm(32, 128, eps=1e-05, affine=True)
                (1): Swish()
                (2): Identity()
                (3): Conv2d(128, 128, kernel_size=(3, 3), stride=(1, 1), padding=(1, 1))
              )
            )
            (block2): Block(
              (block): Sequential(
                (0): GroupNorm(32, 128, eps=1e-05, affine=True)
                (1): Swish()
                (2): Dropout(p=0.2, inplace=False)
                (3): Conv2d(128, 128, kernel_size=(3, 3), stride=(1, 1), padding=(1, 1))
              )
            )
            (res_conv): Identity()
          )
          (pa): PALayer(
            (param_free_norm): GroupNorm(32, 128, eps=1e-05, affine=False)
            (conv_gamma_en): Conv2d(128, 64, kernel_size=(1, 1), stride=(1, 1))
            (conv_gamma_mid): Conv2d(64, 64, kernel_size=(3, 3), stride=(1, 1), padding=(1, 1))
            (conv_gamma_de): Conv2d(64, 128, kernel_size=(1, 1), stride=(1, 1))
            (conv_beta_en): Conv2d(128, 64, kernel_size=(1, 1), stride=(1, 1))
            (conv_beta_mid): Conv2d(64, 64, kernel_size=(3, 3), stride=(1, 1), padding=(1, 1))
            (conv_beta_de): Conv2d(64, 128, kernel_size=(1, 1), stride=(1, 1))
          )
        )
        (6): Downsample(
          (conv): Conv2d(128, 128, kernel_size=(3, 3), stride=(2, 2), padding=(1, 1))
        )
        (7): ResnetBlocWithAttn(
          (res_block): ResnetBlock(
            (noise_func): FeatureWiseAffine(
              (noise_func): Sequential(
                (0): Linear(in_features=64, out_features=256, bias=True)
              )
            )
            (block1): Block(
              (block): Sequential(
                (0): GroupNorm(32, 128, eps=1e-05, affine=True)
                (1): Swish()
                (2): Identity()
                (3): Conv2d(128, 256, kernel_size=(3, 3), stride=(1, 1), padding=(1, 1))
              )
            )
            (block2): Block(
              (block): Sequential(
                (0): GroupNorm(32, 256, eps=1e-05, affine=True)
                (1): Swish()
                (2): Dropout(p=0.2, inplace=False)
                (3): Conv2d(256, 256, kernel_size=(3, 3), stride=(1, 1), padding=(1, 1))
              )
            )
            (res_conv): Conv2d(128, 256, kernel_size=(1, 1), stride=(1, 1))
          )
          (pa): PALayer(
            (param_free_norm): GroupNorm(32, 128, eps=1e-05, affine=False)
            (conv_gamma_en): Conv2d(256, 64, kernel_size=(1, 1), stride=(1, 1))
            (conv_gamma_mid): Conv2d(64, 64, kernel_size=(3, 3), stride=(1, 1), padding=(1, 1))
            (conv_gamma_de): Conv2d(64, 128, kernel_size=(1, 1), stride=(1, 1))
            (conv_beta_en): Conv2d(256, 64, kernel_size=(1, 1), stride=(1, 1))
            (conv_beta_mid): Conv2d(64, 64, kernel_size=(3, 3), stride=(1, 1), padding=(1, 1))
            (conv_beta_de): Conv2d(64, 128, kernel_size=(1, 1), stride=(1, 1))
          )
        )
        (8): ResnetBlocWithAttn(
          (res_block): ResnetBlock(
            (noise_func): FeatureWiseAffine(
              (noise_func): Sequential(
                (0): Linear(in_features=64, out_features=256, bias=True)
              )
            )
            (block1): Block(
              (block): Sequential(
                (0): GroupNorm(32, 256, eps=1e-05, affine=True)
                (1): Swish()
                (2): Identity()
                (3): Conv2d(256, 256, kernel_size=(3, 3), stride=(1, 1), padding=(1, 1))
              )
            )
            (block2): Block(
              (block): Sequential(
                (0): GroupNorm(32, 256, eps=1e-05, affine=True)
                (1): Swish()
                (2): Dropout(p=0.2, inplace=False)
                (3): Conv2d(256, 256, kernel_size=(3, 3), stride=(1, 1), padding=(1, 1))
              )
            )
            (res_conv): Identity()
          )
          (pa): PALayer(
            (param_free_norm): GroupNorm(32, 256, eps=1e-05, affine=False)
            (conv_gamma_en): Conv2d(256, 128, kernel_size=(1, 1), stride=(1, 1))
            (conv_gamma_mid): Conv2d(128, 128, kernel_size=(3, 3), stride=(1, 1), padding=(1, 1))
            (conv_gamma_de): Conv2d(128, 256, kernel_size=(1, 1), stride=(1, 1))
            (conv_beta_en): Conv2d(256, 128, kernel_size=(1, 1), stride=(1, 1))
            (conv_beta_mid): Conv2d(128, 128, kernel_size=(3, 3), stride=(1, 1), padding=(1, 1))
            (conv_beta_de): Conv2d(128, 256, kernel_size=(1, 1), stride=(1, 1))
          )
        )
        (9): Downsample(
          (conv): Conv2d(256, 256, kernel_size=(3, 3), stride=(2, 2), padding=(1, 1))
        )
        (10): ResnetBlocWithAttn(
          (res_block): ResnetBlock(
            (noise_func): FeatureWiseAffine(
              (noise_func): Sequential(
                (0): Linear(in_features=64, out_features=512, bias=True)
              )
            )
            (block1): Block(
              (block): Sequential(
                (0): GroupNorm(32, 256, eps=1e-05, affine=True)
                (1): Swish()
                (2): Identity()
                (3): Conv2d(256, 512, kernel_size=(3, 3), stride=(1, 1), padding=(1, 1))
              )
            )
            (block2): Block(
              (block): Sequential(
                (0): GroupNorm(32, 512, eps=1e-05, affine=True)
                (1): Swish()
                (2): Dropout(p=0.2, inplace=False)
                (3): Conv2d(512, 512, kernel_size=(3, 3), stride=(1, 1), padding=(1, 1))
              )
            )
            (res_conv): Conv2d(256, 512, kernel_size=(1, 1), stride=(1, 1))
          )
          (attn): SelfAttention(
            (norm): GroupNorm(32, 512, eps=1e-05, affine=True)
            (qkv): Conv2d(512, 1536, kernel_size=(1, 1), stride=(1, 1), bias=False)
            (out): Conv2d(512, 512, kernel_size=(1, 1), stride=(1, 1))
          )
          (pa): PALayer(
            (param_free_norm): GroupNorm(32, 256, eps=1e-05, affine=False)
            (conv_gamma_en): Conv2d(512, 128, kernel_size=(1, 1), stride=(1, 1))
            (conv_gamma_mid): Conv2d(128, 128, kernel_size=(3, 3), stride=(1, 1), padding=(1, 1))
            (conv_gamma_de): Conv2d(128, 256, kernel_size=(1, 1), stride=(1, 1))
            (conv_beta_en): Conv2d(512, 128, kernel_size=(1, 1), stride=(1, 1))
            (conv_beta_mid): Conv2d(128, 128, kernel_size=(3, 3), stride=(1, 1), padding=(1, 1))
            (conv_beta_de): Conv2d(128, 256, kernel_size=(1, 1), stride=(1, 1))
          )
        )
        (11): ResnetBlocWithAttn(
          (res_block): ResnetBlock(
            (noise_func): FeatureWiseAffine(
              (noise_func): Sequential(
                (0): Linear(in_features=64, out_features=512, bias=True)
              )
            )
            (block1): Block(
              (block): Sequential(
                (0): GroupNorm(32, 512, eps=1e-05, affine=True)
                (1): Swish()
                (2): Identity()
                (3): Conv2d(512, 512, kernel_size=(3, 3), stride=(1, 1), padding=(1, 1))
              )
            )
            (block2): Block(
              (block): Sequential(
                (0): GroupNorm(32, 512, eps=1e-05, affine=True)
                (1): Swish()
                (2): Dropout(p=0.2, inplace=False)
                (3): Conv2d(512, 512, kernel_size=(3, 3), stride=(1, 1), padding=(1, 1))
              )
            )
            (res_conv): Identity()
          )
          (attn): SelfAttention(
            (norm): GroupNorm(32, 512, eps=1e-05, affine=True)
            (qkv): Conv2d(512, 1536, kernel_size=(1, 1), stride=(1, 1), bias=False)
            (out): Conv2d(512, 512, kernel_size=(1, 1), stride=(1, 1))
          )
          (pa): PALayer(
            (param_free_norm): GroupNorm(32, 512, eps=1e-05, affine=False)
            (conv_gamma_en): Conv2d(512, 256, kernel_size=(1, 1), stride=(1, 1))
            (conv_gamma_mid): Conv2d(256, 256, kernel_size=(3, 3), stride=(1, 1), padding=(1, 1))
            (conv_gamma_de): Conv2d(256, 512, kernel_size=(1, 1), stride=(1, 1))
            (conv_beta_en): Conv2d(512, 256, kernel_size=(1, 1), stride=(1, 1))
            (conv_beta_mid): Conv2d(256, 256, kernel_size=(3, 3), stride=(1, 1), padding=(1, 1))
            (conv_beta_de): Conv2d(256, 512, kernel_size=(1, 1), stride=(1, 1))
          )
        )
      )
      (mid): ModuleList(
        (0): ResnetBlocWithAttn(
          (res_block): ResnetBlock(
            (noise_func): FeatureWiseAffine(
              (noise_func): Sequential(
                (0): Linear(in_features=64, out_features=512, bias=True)
              )
            )
            (block1): Block(
              (block): Sequential(
                (0): GroupNorm(32, 512, eps=1e-05, affine=True)
                (1): Swish()
                (2): Identity()
                (3): Conv2d(512, 512, kernel_size=(3, 3), stride=(1, 1), padding=(1, 1))
              )
            )
            (block2): Block(
              (block): Sequential(
                (0): GroupNorm(32, 512, eps=1e-05, affine=True)
                (1): Swish()
                (2): Dropout(p=0.2, inplace=False)
                (3): Conv2d(512, 512, kernel_size=(3, 3), stride=(1, 1), padding=(1, 1))
              )
            )
            (res_conv): Identity()
          )
          (attn): SelfAttention(
            (norm): GroupNorm(32, 512, eps=1e-05, affine=True)
            (qkv): Conv2d(512, 1536, kernel_size=(1, 1), stride=(1, 1), bias=False)
            (out): Conv2d(512, 512, kernel_size=(1, 1), stride=(1, 1))
          )
        )
        (1): ResnetBlocWithAttn(
          (res_block): ResnetBlock(
            (noise_func): FeatureWiseAffine(
              (noise_func): Sequential(
                (0): Linear(in_features=64, out_features=512, bias=True)
              )
            )
            (block1): Block(
              (block): Sequential(
                (0): GroupNorm(32, 512, eps=1e-05, affine=True)
                (1): Swish()
                (2): Identity()
                (3): Conv2d(512, 512, kernel_size=(3, 3), stride=(1, 1), padding=(1, 1))
              )
            )
            (block2): Block(
              (block): Sequential(
                (0): GroupNorm(32, 512, eps=1e-05, affine=True)
                (1): Swish()
                (2): Dropout(p=0.2, inplace=False)
                (3): Conv2d(512, 512, kernel_size=(3, 3), stride=(1, 1), padding=(1, 1))
              )
            )
            (res_conv): Identity()
          )
        )
      )
      (ups): ModuleList(
        (0): ResnetBlocWithAttn(
          (res_block): ResnetBlock(
            (noise_func): FeatureWiseAffine(
              (noise_func): Sequential(
                (0): Linear(in_features=64, out_features=512, bias=True)
              )
            )
            (block1): Block(
              (block): Sequential(
                (0): GroupNorm(32, 1024, eps=1e-05, affine=True)
                (1): Swish()
                (2): Identity()
                (3): Conv2d(1024, 512, kernel_size=(3, 3), stride=(1, 1), padding=(1, 1))
              )
            )
            (block2): Block(
              (block): Sequential(
                (0): GroupNorm(32, 512, eps=1e-05, affine=True)
                (1): Swish()
                (2): Dropout(p=0.2, inplace=False)
                (3): Conv2d(512, 512, kernel_size=(3, 3), stride=(1, 1), padding=(1, 1))
              )
            )
            (res_conv): Conv2d(1024, 512, kernel_size=(1, 1), stride=(1, 1))
          )
          (attn): SelfAttention(
            (norm): GroupNorm(32, 512, eps=1e-05, affine=True)
            (qkv): Conv2d(512, 1536, kernel_size=(1, 1), stride=(1, 1), bias=False)
            (out): Conv2d(512, 512, kernel_size=(1, 1), stride=(1, 1))
          )
        )
        (1): ResnetBlocWithAttn(
          (res_block): ResnetBlock(
            (noise_func): FeatureWiseAffine(
              (noise_func): Sequential(
                (0): Linear(in_features=64, out_features=512, bias=True)
              )
            )
            (block1): Block(
              (block): Sequential(
                (0): GroupNorm(32, 1024, eps=1e-05, affine=True)
                (1): Swish()
                (2): Identity()
                (3): Conv2d(1024, 512, kernel_size=(3, 3), stride=(1, 1), padding=(1, 1))
              )
            )
            (block2): Block(
              (block): Sequential(
                (0): GroupNorm(32, 512, eps=1e-05, affine=True)
                (1): Swish()
                (2): Dropout(p=0.2, inplace=False)
                (3): Conv2d(512, 512, kernel_size=(3, 3), stride=(1, 1), padding=(1, 1))
              )
            )
            (res_conv): Conv2d(1024, 512, kernel_size=(1, 1), stride=(1, 1))
          )
          (attn): SelfAttention(
            (norm): GroupNorm(32, 512, eps=1e-05, affine=True)
            (qkv): Conv2d(512, 1536, kernel_size=(1, 1), stride=(1, 1), bias=False)
            (out): Conv2d(512, 512, kernel_size=(1, 1), stride=(1, 1))
          )
        )
        (2): ResnetBlocWithAttn(
          (res_block): ResnetBlock(
            (noise_func): FeatureWiseAffine(
              (noise_func): Sequential(
                (0): Linear(in_features=64, out_features=512, bias=True)
              )
            )
            (block1): Block(
              (block): Sequential(
                (0): GroupNorm(32, 768, eps=1e-05, affine=True)
                (1): Swish()
                (2): Identity()
                (3): Conv2d(768, 512, kernel_size=(3, 3), stride=(1, 1), padding=(1, 1))
              )
            )
            (block2): Block(
              (block): Sequential(
                (0): GroupNorm(32, 512, eps=1e-05, affine=True)
                (1): Swish()
                (2): Dropout(p=0.2, inplace=False)
                (3): Conv2d(512, 512, kernel_size=(3, 3), stride=(1, 1), padding=(1, 1))
              )
            )
            (res_conv): Conv2d(768, 512, kernel_size=(1, 1), stride=(1, 1))
          )
          (attn): SelfAttention(
            (norm): GroupNorm(32, 512, eps=1e-05, affine=True)
            (qkv): Conv2d(512, 1536, kernel_size=(1, 1), stride=(1, 1), bias=False)
            (out): Conv2d(512, 512, kernel_size=(1, 1), stride=(1, 1))
          )
        )
        (3): Upsample(
          (up): Upsample(scale_factor=2.0, mode=nearest)
          (conv): Conv2d(512, 512, kernel_size=(3, 3), stride=(1, 1), padding=(1, 1))
        )
        (4): ResnetBlocWithAttn(
          (res_block): ResnetBlock(
            (noise_func): FeatureWiseAffine(
              (noise_func): Sequential(
                (0): Linear(in_features=64, out_features=256, bias=True)
              )
            )
            (block1): Block(
              (block): Sequential(
                (0): GroupNorm(32, 768, eps=1e-05, affine=True)
                (1): Swish()
                (2): Identity()
                (3): Conv2d(768, 256, kernel_size=(3, 3), stride=(1, 1), padding=(1, 1))
              )
            )
            (block2): Block(
              (block): Sequential(
                (0): GroupNorm(32, 256, eps=1e-05, affine=True)
                (1): Swish()
                (2): Dropout(p=0.2, inplace=False)
                (3): Conv2d(256, 256, kernel_size=(3, 3), stride=(1, 1), padding=(1, 1))
              )
            )
            (res_conv): Conv2d(768, 256, kernel_size=(1, 1), stride=(1, 1))
          )
        )
        (5): ResnetBlocWithAttn(
          (res_block): ResnetBlock(
            (noise_func): FeatureWiseAffine(
              (noise_func): Sequential(
                (0): Linear(in_features=64, out_features=256, bias=True)
              )
            )
            (block1): Block(
              (block): Sequential(
                (0): GroupNorm(32, 512, eps=1e-05, affine=True)
                (1): Swish()
                (2): Identity()
                (3): Conv2d(512, 256, kernel_size=(3, 3), stride=(1, 1), padding=(1, 1))
              )
            )
            (block2): Block(
              (block): Sequential(
                (0): GroupNorm(32, 256, eps=1e-05, affine=True)
                (1): Swish()
                (2): Dropout(p=0.2, inplace=False)
                (3): Conv2d(256, 256, kernel_size=(3, 3), stride=(1, 1), padding=(1, 1))
              )
            )
            (res_conv): Conv2d(512, 256, kernel_size=(1, 1), stride=(1, 1))
          )
        )
        (6): ResnetBlocWithAttn(
          (res_block): ResnetBlock(
            (noise_func): FeatureWiseAffine(
              (noise_func): Sequential(
                (0): Linear(in_features=64, out_features=256, bias=True)
              )
            )
            (block1): Block(
              (block): Sequential(
                (0): GroupNorm(32, 384, eps=1e-05, affine=True)
                (1): Swish()
                (2): Identity()
                (3): Conv2d(384, 256, kernel_size=(3, 3), stride=(1, 1), padding=(1, 1))
              )
            )
            (block2): Block(
              (block): Sequential(
                (0): GroupNorm(32, 256, eps=1e-05, affine=True)
                (1): Swish()
                (2): Dropout(p=0.2, inplace=False)
                (3): Conv2d(256, 256, kernel_size=(3, 3), stride=(1, 1), padding=(1, 1))
              )
            )
            (res_conv): Conv2d(384, 256, kernel_size=(1, 1), stride=(1, 1))
          )
        )
        (7): Upsample(
          (up): Upsample(scale_factor=2.0, mode=nearest)
          (conv): Conv2d(256, 256, kernel_size=(3, 3), stride=(1, 1), padding=(1, 1))
        )
        (8): ResnetBlocWithAttn(
          (res_block): ResnetBlock(
            (noise_func): FeatureWiseAffine(
              (noise_func): Sequential(
                (0): Linear(in_features=64, out_features=128, bias=True)
              )
            )
            (block1): Block(
              (block): Sequential(
                (0): GroupNorm(32, 384, eps=1e-05, affine=True)
                (1): Swish()
                (2): Identity()
                (3): Conv2d(384, 128, kernel_size=(3, 3), stride=(1, 1), padding=(1, 1))
              )
            )
            (block2): Block(
              (block): Sequential(
                (0): GroupNorm(32, 128, eps=1e-05, affine=True)
                (1): Swish()
                (2): Dropout(p=0.2, inplace=False)
                (3): Conv2d(128, 128, kernel_size=(3, 3), stride=(1, 1), padding=(1, 1))
              )
            )
            (res_conv): Conv2d(384, 128, kernel_size=(1, 1), stride=(1, 1))
          )
        )
        (9): ResnetBlocWithAttn(
          (res_block): ResnetBlock(
            (noise_func): FeatureWiseAffine(
              (noise_func): Sequential(
                (0): Linear(in_features=64, out_features=128, bias=True)
              )
            )
            (block1): Block(
              (block): Sequential(
                (0): GroupNorm(32, 256, eps=1e-05, affine=True)
                (1): Swish()
                (2): Identity()
                (3): Conv2d(256, 128, kernel_size=(3, 3), stride=(1, 1), padding=(1, 1))
              )
            )
            (block2): Block(
              (block): Sequential(
                (0): GroupNorm(32, 128, eps=1e-05, affine=True)
                (1): Swish()
                (2): Dropout(p=0.2, inplace=False)
                (3): Conv2d(128, 128, kernel_size=(3, 3), stride=(1, 1), padding=(1, 1))
              )
            )
            (res_conv): Conv2d(256, 128, kernel_size=(1, 1), stride=(1, 1))
          )
        )
        (10): ResnetBlocWithAttn(
          (res_block): ResnetBlock(
            (noise_func): FeatureWiseAffine(
              (noise_func): Sequential(
                (0): Linear(in_features=64, out_features=128, bias=True)
              )
            )
            (block1): Block(
              (block): Sequential(
                (0): GroupNorm(32, 192, eps=1e-05, affine=True)
                (1): Swish()
                (2): Identity()
                (3): Conv2d(192, 128, kernel_size=(3, 3), stride=(1, 1), padding=(1, 1))
              )
            )
            (block2): Block(
              (block): Sequential(
                (0): GroupNorm(32, 128, eps=1e-05, affine=True)
                (1): Swish()
                (2): Dropout(p=0.2, inplace=False)
                (3): Conv2d(128, 128, kernel_size=(3, 3), stride=(1, 1), padding=(1, 1))
              )
            )
            (res_conv): Conv2d(192, 128, kernel_size=(1, 1), stride=(1, 1))
          )
        )
        (11): Upsample(
          (up): Upsample(scale_factor=2.0, mode=nearest)
          (conv): Conv2d(128, 128, kernel_size=(3, 3), stride=(1, 1), padding=(1, 1))
        )
        (12): ResnetBlocWithAttn(
          (res_block): ResnetBlock(
            (noise_func): FeatureWiseAffine(
              (noise_func): Sequential(
                (0): Linear(in_features=64, out_features=64, bias=True)
              )
            )
            (block1): Block(
              (block): Sequential(
                (0): GroupNorm(32, 192, eps=1e-05, affine=True)
                (1): Swish()
                (2): Identity()
                (3): Conv2d(192, 64, kernel_size=(3, 3), stride=(1, 1), padding=(1, 1))
              )
            )
            (block2): Block(
              (block): Sequential(
                (0): GroupNorm(32, 64, eps=1e-05, affine=True)
                (1): Swish()
                (2): Dropout(p=0.2, inplace=False)
                (3): Conv2d(64, 64, kernel_size=(3, 3), stride=(1, 1), padding=(1, 1))
              )
            )
            (res_conv): Conv2d(192, 64, kernel_size=(1, 1), stride=(1, 1))
          )
        )
        (13): ResnetBlocWithAttn(
          (res_block): ResnetBlock(
            (noise_func): FeatureWiseAffine(
              (noise_func): Sequential(
                (0): Linear(in_features=64, out_features=64, bias=True)
              )
            )
            (block1): Block(
              (block): Sequential(
                (0): GroupNorm(32, 128, eps=1e-05, affine=True)
                (1): Swish()
                (2): Identity()
                (3): Conv2d(128, 64, kernel_size=(3, 3), stride=(1, 1), padding=(1, 1))
              )
            )
            (block2): Block(
              (block): Sequential(
                (0): GroupNorm(32, 64, eps=1e-05, affine=True)
                (1): Swish()
                (2): Dropout(p=0.2, inplace=False)
                (3): Conv2d(64, 64, kernel_size=(3, 3), stride=(1, 1), padding=(1, 1))
              )
            )
            (res_conv): Conv2d(128, 64, kernel_size=(1, 1), stride=(1, 1))
          )
        )
        (14): ResnetBlocWithAttn(
          (res_block): ResnetBlock(
            (noise_func): FeatureWiseAffine(
              (noise_func): Sequential(
                (0): Linear(in_features=64, out_features=64, bias=True)
              )
            )
            (block1): Block(
              (block): Sequential(
                (0): GroupNorm(32, 128, eps=1e-05, affine=True)
                (1): Swish()
                (2): Identity()
                (3): Conv2d(128, 64, kernel_size=(3, 3), stride=(1, 1), padding=(1, 1))
              )
            )
            (block2): Block(
              (block): Sequential(
                (0): GroupNorm(32, 64, eps=1e-05, affine=True)
                (1): Swish()
                (2): Dropout(p=0.2, inplace=False)
                (3): Conv2d(64, 64, kernel_size=(3, 3), stride=(1, 1), padding=(1, 1))
              )
            )
            (res_conv): Conv2d(128, 64, kernel_size=(1, 1), stride=(1, 1))
          )
        )
      )
      (final_conv): Block(
        (block): Sequential(
          (0): GroupNorm(32, 64, eps=1e-05, affine=True)
          (1): Swish()
          (2): Identity()
          (3): Conv2d(64, 3, kernel_size=(3, 3), stride=(1, 1), padding=(1, 1))
        )
      )
    )
  )
  (pencoder_fn): DataParallel(
    (module): PEncoder(
      (noise_level_mlp): Sequential(
        (0): PositionalEncoding()
        (1): Linear(in_features=64, out_features=256, bias=True)
        (2): Swish()
        (3): Linear(in_features=256, out_features=64, bias=True)
      )
      (downs): ModuleList(
        (0): Conv2d(4, 64, kernel_size=(3, 3), stride=(1, 1), padding=(1, 1))
        (1): ResnetBlocWithAttn(
          (res_block): ResnetBlock(
            (noise_func): FeatureWiseAffine(
              (noise_func): Sequential(
                (0): Linear(in_features=64, out_features=64, bias=True)
              )
            )
            (block1): Block(
              (block): Sequential(
                (0): GroupNorm(32, 64, eps=1e-05, affine=True)
                (1): Swish()
                (2): Identity()
                (3): Conv2d(64, 64, kernel_size=(3, 3), stride=(1, 1), padding=(1, 1))
              )
            )
            (block2): Block(
              (block): Sequential(
                (0): GroupNorm(32, 64, eps=1e-05, affine=True)
                (1): Swish()
                (2): Dropout(p=0.2, inplace=False)
                (3): Conv2d(64, 64, kernel_size=(3, 3), stride=(1, 1), padding=(1, 1))
              )
            )
            (res_conv): Identity()
          )
        )
        (2): ResnetBlocWithAttn(
          (res_block): ResnetBlock(
            (noise_func): FeatureWiseAffine(
              (noise_func): Sequential(
                (0): Linear(in_features=64, out_features=64, bias=True)
              )
            )
            (block1): Block(
              (block): Sequential(
                (0): GroupNorm(32, 64, eps=1e-05, affine=True)
                (1): Swish()
                (2): Identity()
                (3): Conv2d(64, 64, kernel_size=(3, 3), stride=(1, 1), padding=(1, 1))
              )
            )
            (block2): Block(
              (block): Sequential(
                (0): GroupNorm(32, 64, eps=1e-05, affine=True)
                (1): Swish()
                (2): Dropout(p=0.2, inplace=False)
                (3): Conv2d(64, 64, kernel_size=(3, 3), stride=(1, 1), padding=(1, 1))
              )
            )
            (res_conv): Identity()
          )
        )
        (3): Downsample(
          (conv): Conv2d(64, 64, kernel_size=(3, 3), stride=(2, 2), padding=(1, 1))
        )
        (4): ResnetBlocWithAttn(
          (res_block): ResnetBlock(
            (noise_func): FeatureWiseAffine(
              (noise_func): Sequential(
                (0): Linear(in_features=64, out_features=128, bias=True)
              )
            )
            (block1): Block(
              (block): Sequential(
                (0): GroupNorm(32, 64, eps=1e-05, affine=True)
                (1): Swish()
                (2): Identity()
                (3): Conv2d(64, 128, kernel_size=(3, 3), stride=(1, 1), padding=(1, 1))
              )
            )
            (block2): Block(
              (block): Sequential(
                (0): GroupNorm(32, 128, eps=1e-05, affine=True)
                (1): Swish()
                (2): Dropout(p=0.2, inplace=False)
                (3): Conv2d(128, 128, kernel_size=(3, 3), stride=(1, 1), padding=(1, 1))
              )
            )
            (res_conv): Conv2d(64, 128, kernel_size=(1, 1), stride=(1, 1))
          )
        )
        (5): ResnetBlocWithAttn(
          (res_block): ResnetBlock(
            (noise_func): FeatureWiseAffine(
              (noise_func): Sequential(
                (0): Linear(in_features=64, out_features=128, bias=True)
              )
            )
            (block1): Block(
              (block): Sequential(
                (0): GroupNorm(32, 128, eps=1e-05, affine=True)
                (1): Swish()
                (2): Identity()
                (3): Conv2d(128, 128, kernel_size=(3, 3), stride=(1, 1), padding=(1, 1))
              )
            )
            (block2): Block(
              (block): Sequential(
                (0): GroupNorm(32, 128, eps=1e-05, affine=True)
                (1): Swish()
                (2): Dropout(p=0.2, inplace=False)
                (3): Conv2d(128, 128, kernel_size=(3, 3), stride=(1, 1), padding=(1, 1))
              )
            )
            (res_conv): Identity()
          )
        )
        (6): Downsample(
          (conv): Conv2d(128, 128, kernel_size=(3, 3), stride=(2, 2), padding=(1, 1))
        )
        (7): ResnetBlocWithAttn(
          (res_block): ResnetBlock(
            (noise_func): FeatureWiseAffine(
              (noise_func): Sequential(
                (0): Linear(in_features=64, out_features=256, bias=True)
              )
            )
            (block1): Block(
              (block): Sequential(
                (0): GroupNorm(32, 128, eps=1e-05, affine=True)
                (1): Swish()
                (2): Identity()
                (3): Conv2d(128, 256, kernel_size=(3, 3), stride=(1, 1), padding=(1, 1))
              )
            )
            (block2): Block(
              (block): Sequential(
                (0): GroupNorm(32, 256, eps=1e-05, affine=True)
                (1): Swish()
                (2): Dropout(p=0.2, inplace=False)
                (3): Conv2d(256, 256, kernel_size=(3, 3), stride=(1, 1), padding=(1, 1))
              )
            )
            (res_conv): Conv2d(128, 256, kernel_size=(1, 1), stride=(1, 1))
          )
        )
        (8): ResnetBlocWithAttn(
          (res_block): ResnetBlock(
            (noise_func): FeatureWiseAffine(
              (noise_func): Sequential(
                (0): Linear(in_features=64, out_features=256, bias=True)
              )
            )
            (block1): Block(
              (block): Sequential(
                (0): GroupNorm(32, 256, eps=1e-05, affine=True)
                (1): Swish()
                (2): Identity()
                (3): Conv2d(256, 256, kernel_size=(3, 3), stride=(1, 1), padding=(1, 1))
              )
            )
            (block2): Block(
              (block): Sequential(
                (0): GroupNorm(32, 256, eps=1e-05, affine=True)
                (1): Swish()
                (2): Dropout(p=0.2, inplace=False)
                (3): Conv2d(256, 256, kernel_size=(3, 3), stride=(1, 1), padding=(1, 1))
              )
            )
            (res_conv): Identity()
          )
        )
        (9): Downsample(
          (conv): Conv2d(256, 256, kernel_size=(3, 3), stride=(2, 2), padding=(1, 1))
        )
        (10): ResnetBlocWithAttn(
          (res_block): ResnetBlock(
            (noise_func): FeatureWiseAffine(
              (noise_func): Sequential(
                (0): Linear(in_features=64, out_features=512, bias=True)
              )
            )
            (block1): Block(
              (block): Sequential(
                (0): GroupNorm(32, 256, eps=1e-05, affine=True)
                (1): Swish()
                (2): Identity()
                (3): Conv2d(256, 512, kernel_size=(3, 3), stride=(1, 1), padding=(1, 1))
              )
            )
            (block2): Block(
              (block): Sequential(
                (0): GroupNorm(32, 512, eps=1e-05, affine=True)
                (1): Swish()
                (2): Dropout(p=0.2, inplace=False)
                (3): Conv2d(512, 512, kernel_size=(3, 3), stride=(1, 1), padding=(1, 1))
              )
            )
            (res_conv): Conv2d(256, 512, kernel_size=(1, 1), stride=(1, 1))
          )
        )
        (11): ResnetBlocWithAttn(
          (res_block): ResnetBlock(
            (noise_func): FeatureWiseAffine(
              (noise_func): Sequential(
                (0): Linear(in_features=64, out_features=512, bias=True)
              )
            )
            (block1): Block(
              (block): Sequential(
                (0): GroupNorm(32, 512, eps=1e-05, affine=True)
                (1): Swish()
                (2): Identity()
                (3): Conv2d(512, 512, kernel_size=(3, 3), stride=(1, 1), padding=(1, 1))
              )
            )
            (block2): Block(
              (block): Sequential(
                (0): GroupNorm(32, 512, eps=1e-05, affine=True)
                (1): Swish()
                (2): Dropout(p=0.2, inplace=False)
                (3): Conv2d(512, 512, kernel_size=(3, 3), stride=(1, 1), padding=(1, 1))
              )
            )
            (res_conv): Identity()
          )
        )
      )
    )
  )
  (colorp_fn): DataParallel(
    (module): simpleUNet(
      (conv1): Sequential(
        (0): Conv2d(3, 32, kernel_size=(3, 3), stride=(1, 1), padding=(1, 1))
        (1): Conv2d(32, 32, kernel_size=(3, 3), stride=(1, 1), padding=(1, 1))
        (2): LeakyReLU(negative_slope=0.2, inplace=True)
      )
      (pool1): Downsample(
        (conv): Conv2d(32, 64, kernel_size=(3, 3), stride=(2, 2), padding=(1, 1))
      )
      (conv2): Sequential(
        (0): Conv2d(64, 64, kernel_size=(3, 3), stride=(1, 1), padding=(1, 1))
        (1): Conv2d(64, 64, kernel_size=(3, 3), stride=(1, 1), padding=(1, 1))
        (2): LeakyReLU(negative_slope=0.2, inplace=True)
      )
      (pool2): Downsample(
        (conv): Conv2d(64, 128, kernel_size=(3, 3), stride=(2, 2), padding=(1, 1))
      )
      (conv3): Sequential(
        (0): Conv2d(128, 128, kernel_size=(3, 3), stride=(1, 1), padding=(1, 1))
        (1): Conv2d(128, 128, kernel_size=(3, 3), stride=(1, 1), padding=(1, 1))
        (2): LeakyReLU(negative_slope=0.2, inplace=True)
      )
      (pool3): Downsample(
        (conv): Conv2d(128, 256, kernel_size=(3, 3), stride=(2, 2), padding=(1, 1))
      )
      (conv4): Sequential(
        (0): Conv2d(256, 256, kernel_size=(3, 3), stride=(1, 1), padding=(1, 1))
        (1): Conv2d(256, 256, kernel_size=(3, 3), stride=(1, 1), padding=(1, 1))
        (2): LeakyReLU(negative_slope=0.2, inplace=True)
      )
      (pool4): Conv2d(256, 256, kernel_size=(3, 3), stride=(2, 2), padding=(1, 1))
      (conv5): Sequential(
        (0): Conv2d(256, 256, kernel_size=(3, 3), stride=(1, 1), padding=(1, 1))
        (1): Conv2d(256, 256, kernel_size=(3, 3), stride=(1, 1), padding=(1, 1))
        (2): LeakyReLU(negative_slope=0.2, inplace=True)
      )
      (upv6): Upsample(
        (up): Upsample(scale_factor=2.0, mode=nearest)
        (conv): Conv2d(256, 128, kernel_size=(3, 3), stride=(1, 1), padding=(1, 1))
      )
      (conv6_1): Conv2d(384, 128, kernel_size=(1, 1), stride=(1, 1))
      (conv6): Sequential(
        (0): Conv2d(128, 128, kernel_size=(3, 3), stride=(1, 1), padding=(1, 1))
        (1): Conv2d(128, 128, kernel_size=(3, 3), stride=(1, 1), padding=(1, 1))
        (2): LeakyReLU(negative_slope=0.2, inplace=True)
      )
      (upv7): Upsample(
        (up): Upsample(scale_factor=2.0, mode=nearest)
        (conv): Conv2d(128, 64, kernel_size=(3, 3), stride=(1, 1), padding=(1, 1))
      )
      (conv7_1): Conv2d(192, 128, kernel_size=(1, 1), stride=(1, 1))
      (conv7): Sequential(
        (0): Conv2d(128, 128, kernel_size=(3, 3), stride=(1, 1), padding=(1, 1))
        (1): Conv2d(128, 128, kernel_size=(3, 3), stride=(1, 1), padding=(1, 1))
        (2): LeakyReLU(negative_slope=0.2, inplace=True)
      )
      (upv8): Upsample(
        (up): Upsample(scale_factor=2.0, mode=nearest)
        (conv): Conv2d(128, 64, kernel_size=(3, 3), stride=(1, 1), padding=(1, 1))
      )
      (conv8_1): Conv2d(128, 64, kernel_size=(1, 1), stride=(1, 1))
      (conv8): Sequential(
        (0): Conv2d(64, 64, kernel_size=(3, 3), stride=(1, 1), padding=(1, 1))
        (1): Conv2d(64, 64, kernel_size=(3, 3), stride=(1, 1), padding=(1, 1))
        (2): LeakyReLU(negative_slope=0.2, inplace=True)
      )
      (upv9): Upsample(
        (up): Upsample(scale_factor=2.0, mode=nearest)
        (conv): Conv2d(64, 32, kernel_size=(3, 3), stride=(1, 1), padding=(1, 1))
      )
      (conv9_1): Conv2d(64, 32, kernel_size=(1, 1), stride=(1, 1))
      (conv9): Sequential(
        (0): Conv2d(32, 32, kernel_size=(3, 3), stride=(1, 1), padding=(1, 1))
        (1): Conv2d(32, 32, kernel_size=(3, 3), stride=(1, 1), padding=(1, 1))
        (2): LeakyReLU(negative_slope=0.2, inplace=True)
      )
      (conv10_1): Conv2d(32, 2, kernel_size=(1, 1), stride=(1, 1))
    )
  )
  (loss_func): L1Loss()
)
2026-09-16 00:08:07,464 INFO: Loading PGCGaussianDiffusion model from ../../weights/Ours/lolv1_pgc.pth, with param key: [params].
2026-09-16 00:08:07,820 INFO: Model [PGCModel] is created.
2026-09-16 00:08:08,211 INFO: Start training from epoch: 0, iter: 0
